HLA-DRA
HLA-DRB1
HLA-DRB5
HLA-A
HLA-B
HLA-C
HLA-E
HLA-F
HLA-G
HLA-DQA1
HLA-DQA2
HLA-DQB1
HLA-DQB2
HLA-DPA1
HLA-DPB1
HLA-DMB
HLA-DMA
HLA-DOA
HLA-DOB
GSTT2
LIG4
OR5B17
H1FNT
A4GALT
FBXO30
KRTAP22-1
SERF1B
OR8K1
KRTAP5-4
not_a_gene_147
OR4A5
GJA1
OR51S1
ADO
not_a_gene_208
OR2AG1
DRD5
OR2C1
RP11-1102P16.1
HYLS1
TIGD4
not_a_gene_264
LRRC10B
OR4N5
CTAGE8
ABHD13
not_a_gene_319
CTAGE6
not_a_gene_130
KRTAP19-4
OR5T1
LRRC70
USO1
KIF2B
PRODH
AC019205.1
not_a_gene_154
RNASE13
CLDN9
not_a_gene_352
NAT2
CLDN20
HSPB3
not_a_gene_288
RP11-247L20.4
PNRC1
PSMB11
FOXB1
ZNF781
OR5T2
OR8D4
not_a_gene_315
not_a_gene_178
OR4D11
GTF2H2C
RN7SL431P
SAMD9L
C8orf4
ATP5L2
OST4
OR51E2
C2orf27B
AC020956.3
DIRC1
KRTAP2-4
MORN2
not_a_gene_20
IER5
RP11-521D12.1
not_a_gene_284
OR52L1
not_a_gene_38
OR2B2
CEBPB
BASP1
TAS2R10
RGPD6
MFSD6L
C15orf54
EDDM3A
HIST2H4A
DEFB105A
OR5AR1
C16orf54
COX7B2
CITED2
PRR20B
not_a_gene_146
MTRNR2L3
KRTAP5-5
TVP23C-CDRT4
RP11-428J1.4
C16orf82
OR52W1
not_a_gene_174
SOD3
GTF2H2
NHLRC4
MC1R
KRTAP2-3
OR11G2
B3GALT1
ADRB2
not_a_gene_294
SMN1
OR9I1
C10orf12
OR4D6
C10orf10
OR4F21
SF3B5
HUS1B
ASCL4
not_a_gene_205
MOCS3
CABS1
OR8B8
not_a_gene_195
ISLR2
THAP11
UCN3
RP13-379L11.2
DEFB106A
ARHGEF35
OR4X2
not_a_gene_116
not_a_gene_125
CSTF2T
OR5P2
RP11-463D19.2
BHLHE23
OR52E2
MAFA
ATOH1
FAM72C
not_a_gene_331
not_a_gene_347
UTF1
OR6M1
CALML3
PPP1R3B
OR2D2
PGBD4
OR56A4
CCDC177
MTERF2
ZFP42
OR2D3
OR51B6
HMX1
SPPL2C
MRPL36
not_a_gene_336
C11orf96
KDM4D
RGPD5
OR11H2
CMTR2
C17orf59
SCP2D1
OR5AS1
SERF1A
POTEB2
FUT4
TAAR5
SDHAF4
not_a_gene_71
TAS2R8
OR1L1
KBTBD11
FJX1
LTB4R
INSM1
WI2-2373I1.2
OR5M11
ASPRV1
OR51B5
SDHAF1
NPY5R
OR4K14
KRTAP20-1
TRMT10C
CHST1
ACTL9
NPIPB5
ADRA2C
TWIST1
NKX3-2
BBS12
LDOC1L
FOXG1
C20orf203
OR51G1
USP17L24
B3GNT6
not_a_gene_1
KRTAP2-1
SLN
SCAND1
FOXD2
ARF6
OR1J1
RNASE7
GPR135
PIGY
OR51M1
OR5D14
NKX1-2
MPEG1
not_a_gene_321
OR6X1
OR6C68
DEFB107A
RNU6-112P
not_a_gene_273
KDM4E
RP11-95M5.1
not_a_gene_338
NDUFAF4
ERVV-1
CREBZF
OR1N2
OR8B4
NPY2R
USMG5
PRM3
PTP4A1
RNASE3
MARCKS
PRKACG
PSAPL1
AF165138.7
OR52D1
not_a_gene_201
MARVELD1
OR13C4
SULT1A4
DEFA1B
not_a_gene_309
PIRT
ABRACL
GREM1
OR6C76
OR5K4
FPR1
OR51V1
FOXE3
OR5D18
GPR65
HEPN1
HBA1
not_a_gene_115
RP3-509I19.11
C10orf105
RANBP6
RNASE2
BLOC1S3
RBM15B
ANKHD1-EIF4EBP3
CLDN12
not_a_gene_290
CHRFAM7A
SOCS3
RP11-849F2.7
DDT
OR8D2
PPP1R3G
not_a_gene_209
not_a_gene_356
PPP1R3E
GNG11
RPRML
POU3F3
not_a_gene_313
OLIG2
BRI3BP
not_a_gene_89
OR6C65
OR5R1
NANOGNB
LIMS3
ARMS2
OR7G1
PRNP
ANKRD63
not_a_gene_349
C17orf96
OLIG1
OR1M1
OR8D1
HSPB9
OR8J1
RP11-794G24.1
HDGFL1
SMIM18
MKRN3
OMG
ADRB3
FIBIN
IFNE
TMEM30B
TRIM13
NBPF8
not_a_gene_355
not_a_gene_187
PHOSPHO2
HIST2H3A
OR52K2
SOX12
not_a_gene_95
OR5F1
CTXN2
OR5D16
HOXD8
not_a_gene_82
OR6C4
CD248
KRTAP17-1
OR51T1
OR2K2
CTC-432M15.3
OR52N5
OR9Q1
OR2Z1
not_a_gene_175
BHLHA9
HIST1H4K
DEFB4B
KCNA4
not_a_gene_281
OR5AP2
OR52B4
SOX18
THBD
RP11-145E5.5
PPP3R2
OR51I1
ADAM29
PGA4
NDNL2
ZNF771
MTRNR2L6
CCDC85B
FGFBP2
HTN1
OR8J3
FGFBP3
OR7D2
TSPYL4
LKAAEAR1
PTTG2
GPR150
GPR160
RNVU1-18
LGALS7
SOX21
PRSS35
SEPHS2
not_a_gene_129
not_a_gene_258
ASCL3
PPP1R26
PDHA2
OR56A1
ACTL7A
AP000704.5
ADRB1
SIAH1
PABPC4L
not_a_gene_359
RMI1
KRTAP19-8
OR13D1
FAM229B
not_a_gene_219
LCMT2
TAS2R13
not_a_gene_293
OR13C8
TPBG
not_a_gene_263
CAPNS2
FOXD1
OR8B12
LPAR6
KLHDC7B
HIST2H3C
not_a_gene_90
RASSF10
SOWAHA
FOXC1
PTGDR2
NPAP1
SNN
KCNE3
C1QTNF5
NKX2-4
not_a_gene_249
ERVMER34-1
ARL4D
DGCR6
TAAR1
HOXD11
OR11H6
OR51F1
OR6C6
NPIPB3
SMN2
KRTAP2-2
KCNJ13
OR10P1
CTD-2377D24.6
not_a_gene_58
not_a_gene_271
OR4F5
S1PR2
OR5I1
UBQLNL
MTRNR2L7
FASTKD5
not_a_gene_76
not_a_gene_108
RP11-345J4.5
KRTAP5-1
TRIM60
PPP1R3D
not_a_gene_308
OR1F1
OR5W2
GPR152
KRTAP20-2
not_a_gene_27
EDDM3B
EIF3CL
not_a_gene_155
OR5P3
OR10A3
CTAGE4
CH17-140K24.5
SLC18A3
OR4F3
OR1Q1
GOLGA6L6
CTXN1
NFIL3
OR52N1
OR51E1
MIR8072
CDK5R2
not_a_gene_314
not_a_gene_127
FGFBP1
OR1J4
OR14A16
MRGPRX2
CDC42EP5
KCNE1
TP53TG3B
HCAR1
OXCT2
OR6C3
OR4N4
C19orf24
OR2A4
KRTAP21-1
FAM181B
not_a_gene_286
OR9K2
not_a_gene_110
HDHD3
not_a_gene_49
KRTAP6-1
GPR27
RAG1
OR5A2
OR4F29
SOX4
not_a_gene_299
LINC00469
C3orf80
ADRA2A
not_a_gene_98
PTPRQ
OR4D5
H1F0
IGIP
not_a_gene_227
GPR84
SIK1
RP11-141M1.3
OR52A5
RFPL4B
OR4C3
not_a_gene_55
not_a_gene_152
QRFP
not_a_gene_272
ZNF718
WDR89
OR13A1
RNF222
RP11-146B14.1
not_a_gene_105
SMLR1
GPR22
SPZ1
ZNF579
GRAPL
OR10S1
CLLU1
EMC6
SLX1A-SULT1A3
ZBED3
OR4D9
RP11-689K5.3
GAS1
OR4K5
OR5AU1
FOXS1
GJC2
SFT2D3
CSNK1A1L
OR10V1
OR10G3
PURB
OR8K5
C11orf44
GTF2H5
not_a_gene_360
SAMD9
ZNF518A
COL10A1
OR5A1
MAFB
OR4L1
PKDREJ
DEFB107B
ATXN1L
KRTAP19-2
CDC42EP4
not_a_gene_94
KCTD4
OR4D1
C2CD4B
TBC1D3H
DIO3
OR51A7
OR4D10
HPS6
HRK
not_a_gene_200
OR5M3
MRGPRG
RNASE11
not_a_gene_216
OR5H2
CCDC184
OR10A5
PYDC1
RP11-74E22.8
C10orf126
C15orf61
OR5AN1
GPR63
BAHCC1
not_a_gene_103
LRRC26
PLN
CHRM5
TRIM49D1
TRIM61
SSTR4
TP53TG3C
C10orf71
TLR10
NOG
PLGLB2
GPR55
KLHL25
KCNJ4
HTR1E
CFC1B
C4orf32
not_a_gene_62
OR51D1
CHST14
MC3R
TCEB3CL
RHOH
C15orf65
C9orf106
KLF16
not_a_gene_329
not_a_gene_295
RP11-247L20.3
OR10A4
TMEM119
OR6Q1
C10orf62
not_a_gene_145
CASC10
FZD10
MIR4669
HIST2H2AA3
OR51B2
TAAR9
not_a_gene_340
OR1L3
MOAP1
not_a_gene_341
IRF2BPL
C20orf195
GPR31
KCNG2
not_a_gene_204
not_a_gene_176
MIR3074
not_a_gene_202
HMX3
TAAR8
IFNA13
EIF5AL1
SPATA31A5
GPRIN3
CTC-786C10.1
TMEM158
CYP21A2
OTUD1
GSTT2B
FOXL2
LOR
CCT8L2
OR52A1
not_a_gene_203
OR11H4
PTRH2
not_a_gene_177
AC079610.2
TAAR2
not_a_gene_343
GDF7
NKX6-2
NANOS1
CDC42EP2
MGAT2
not_a_gene_43
C14orf169
DEFB104A
FUT6
B3GNT5
TMEM133
PLGLB1
FUT9
KCNK12
RP3-470B24.5
OR5H6
LRRN4CL
OR51G2
C17orf102
OR2AP1
RP11-766F14.2
not_a_gene_191
PROL1
LUZP6
OR6T1
C17orf100
TBC1D3I
FOXL1
GPR1
OR4C12
RBMXL2
ASCL2
KRTAP19-1
FAM43B
not_a_gene_33
RGS9BP
NPB
MANEA
PDX1
C14orf119
not_a_gene_342
FRAT2
not_a_gene_57
BLOC1S4
KRCC1
OR52E4
CLDN6
OCLM
TBC1D3K
RMI2
OR4C6
KCTD12
not_a_gene_282
FOXC2
not_a_gene_307
HS3ST6
not_a_gene_243
NDUFB1
NDN
RP11-637A17.2
FZD5
RNASE8
TMEM60
CTD-2116N17.1
TSPYL1
not_a_gene_183
ST20
COX8C
GJB7
not_a_gene_262
OR10G2
HNRNPA1L2
PRLHR
DEFB106B
HIST2H4B
IGHV4OR15-8
OLIG3
UQCC3
MAGEL2
not_a_gene_198
PHLDA2
FAM26F
not_a_gene_345
GAPT
GTSF1L
GJA3
OR4K17
MIR133A2
POU3F2
OR5D13
OR13C3
not_a_gene_214
MESDC1
NEUROG3
GPR183
OR4A15
LIPT1
C10orf95
not_a_gene_211
NPIPA2
OR1D2
GPR88
NPW
SPN
RN7SKP70
GNG13
IER5L
ZNF883
OR4X1
TPBGL
SMIM6
not_a_gene_182
not_a_gene_132
OR4P4
CENPW
RNF26
OR2AT4
OR4A47
OR52B6
FAM111B
APLNR
GPR68
KRTAP19-3
OR8A1
FUT5
OR2T29
CLDN23
OR1G1
STON1-GTF2A1L
NDUFB3
not_a_gene_218
CEBPD
CCL4L1
RP11-123O10.4
RAX2
not_a_gene_166
not_a_gene_126
GNRH1
RP11-758N13.1
OR51A2
HIST2H2AA4
RP11-383M4.6
C2CD4A
RP11-982M15.6
PIGW
FZD8
OR5B2
DCAF16
not_a_gene_80
PNRC2
ADAT3
BHLHE22
AL121928.1
not_a_gene_323
not_a_gene_197
DEXI
KRTAP22-2
not_a_gene_91
CLDN25
CHRM1
OR4B1
not_a_gene_128
KRT34
OR4F16
PLA2G10
RP1-93H18.1
C11orf87
FAM101B
RNF223
BOLA2B
RP11-457D20.2
ISLR
ZNF83
C1QTNF8
not_a_gene_298
C2CD4D
OR1N1
LINC01465
OR51I2
not_a_gene_19
KRTAP8-1
SERTM1
RP1-90G24.8
TRAPPC5
OR51Q1
not_a_gene_285
B3GNT9
ZNF705D
MBLAC1
THRSP
not_a_gene_32
not_a_gene_99
TLR2
OR5M8
RNF225
NBPF10
PROB1
BOLA2
NPIPA8
OR5M9
not_a_gene_291
RWDD2A
HTR1B
AC016739.3
PRR15L
PRRT2
not_a_gene_254
TMEM121
OR5B21
DEFB104B
OR7G2
GJB6
not_a_gene_279
ANKRD9
TKTL2
OR4K1
not_a_gene_22
RP11-872D17.8
not_a_gene_51
TAAR6
SPRN
ERVH48-1
OR5AK2
OR52B2
OR52M1
C17orf82
PNMA2
LRRN3
LDHAL6B
TLR6
CENPBD1
SP7
GCNT3
KBTBD3
HTN3
PGP
DEFB105B
OR6C1
CTC-534A2.2
OR6C75
OR4S2
OR4D2
MGAT4D
CEBPA
HNRNPF
IRGM
not_a_gene_274
not_a_gene_188
not_a_gene_60
FOXQ1
USP17L27
OR51F2
not_a_gene_242
BOD1L2
OAZ1
RP11-304L19.8
FZD7
SCO2
OR4C46
SPATA45
not_a_gene_53
CCDC140
RPP25
not_a_gene_292
INSM2
RP11-680G10.1
OR8H2
not_a_gene_350
not_a_gene_189
NAIP
SOX11
TP53TG3
ADAM20
OR6C2
CCL3L3
CTAGE9
PRAC1
NEUROG2
RAB6C
MRPL23
EXOSC6
DDX28
GPR62
GJD3
not_a_gene_265
NEUROD4
not_a_gene_120
not_a_gene_268
KBTBD13
OR4C15
C15orf62
HS3ST5
OR6S1
HTR1F
OR4S1
not_a_gene_134
GDPGP1
PALM2-AKAP2
OR4K15
CH25H
FSCB
SOCS5
PCED1B
AL161668.5
OR8H1
LLPH
OR4C16
VASN
not_a_gene_135
OR13F1
DEFB103B
POLR2L
not_a_gene_289
UGT2A1
KLLN
HBZ
NPIPA3
CRIPAK
JUND
OR10A7
KRTAP25-1
ID1
AC007405.6
OR9Q2
TLX1NB
RP11-89K11.1
NRGN
ARL11
ZHX1-C8orf76
not_a_gene_348
OR7D4
not_a_gene_61
GPRIN1
ADAM21
OR6A2
OR4F4
OR1L8
ACTL10
OR2T27
C21orf140
KLF13
SOWAHB
PBOV1
GCNT4
CGA
C14orf178
TRNP1
MTRNR2L5
PPIAL4E
HBA2
not_a_gene_223
NPIPA7
POLR2J2
OR56B4
not_a_gene_35
MED7
OR4K2
SOX1
FZD2
HIST1H4J
LINC00637
C12orf60
SLITRK6
SOCS1
OR5T3
OR9G4
RIMBP3B
not_a_gene_173
RP1-159G19.1
PRR20A
GPR182
not_a_gene_344
not_a_gene_275
SPTSSA
KRTAP9-2
OR7G3
SOCS4
INMT-FAM188B
not_a_gene_255
OR8B3
SENP8
LRRC10
FAM217B
not_a_gene_300
MIR6820
PRR20D
MYCT1
not_a_gene_235
OR10W1
OR3A2
TMEM238
GDNF-AS1
not_a_gene_230
CLEC14A
not_a_gene_86
ABHD16B
MIS12
C8orf48
OR10A6
not_a_gene_16
RP11-1006G14.2
DEFB103A
GJA10
ANKRD34C
RHOB
not_a_gene_222
OR10AG1
PFN3
C12orf74
CTXN3
not_a_gene_256
ARL17B
OR4A16
OR56B1
PRAMEF26
CEND1
ANP32D
OR2T5
OR5B3
BLID
JUNB
HCRT
RP11-307P5.1
OR5J2
GSG2
OR1B1
not_a_gene_261
not_a_gene_26
CTU1
OR52R1
STX19
KLF14
TRIM49D2
CCDC70
MRGPRD
OR6C74
SERTAD3
C1orf229
SMIM8
HIC1
CCDC71L
C1QTNF4
IER2
RHOG
OR7E24
OR51L1
POU3F1
not_a_gene_221
GP1BB
PYURF
OR2T35
HMGN3
not_a_gene_117
OR6C70
not_a_gene_248
KCNJ11
not_a_gene_111
C1orf233
RP11-505K9.4
AKAP5
CITED4
LRRC37A2
not_a_gene_109
KB-226F1.2
ITPRIPL2
OR8I2
not_a_gene_48
OR4C11
OR1D5
OR8K3
OR52J3
PRND
MRPL57
OR4C13
C2orf16
OR52H1
not_a_gene_131
MTRNR2L4
SAMD1
PTF1A
not_a_gene_93
MIRLET7BHG
MAF
CTAGE15
CECR6
ASCL1
UCN
CDCA4
not_a_gene_112
PRR20C
LYRM5
GPBAR1
MYEOV
GCNT1
not_a_gene_215
SPHAR
GK2
RP11-383M4.2
OR51B4
RASSF9
not_a_gene_34
LTB4R2
OR4E2
KRTAP6-2
ZNF770
ZNF322
HS3ST1
ARL17A
RNASE1
KCTD11
not_a_gene_244
STH
not_a_gene_92
B3GALT6
MIR3187
CALML5
LELP1
PRR21
CNR1
not_a_gene_229
OR5B12
SKIDA1
BLCAP
MRGPRE
LYSMD2
DEFA1
not_a_gene_133
RAG2
RNF133
MAB21L2
CTD-2507G9.1
PLAGL1
KCNJ2
CENPB
OR56A5
CCDC87
NPY4R
OR6B3
TSSC4
NAP1L5
not_a_gene_234
MIR4785
CDC26
FRAT1
not_a_gene_324
BIRC8
OR1A2
OR4K13
RNF183
ATOH7
RP11-420N3.2
AC009065.1
FOXE1
LINGO3
OR4Q3
