HLA-DRA
HLA-DRB1
HLA-DRB5
HLA-A
HLA-B
HLA-C
HLA-E
HLA-F
HLA-G
HLA-DQA1
HLA-DQA2
HLA-DQB1
HLA-DQB2
HLA-DPA1
HLA-DPB1
HLA-DMB
HLA-DMA
HLA-DOA
HLA-DOB
GSTT2
OR4F3
not_a_gene_324
RMI2
C1orf233
not_a_gene_209
FOXD1
RPRML
RP11-74E22.8
GPR27
not_a_gene_31
OR51Q1
MOAP1
ANKRD9
NPIPB3
RP11-758N13.1
HNRNPCL2
OR52E4
not_a_gene_315
KRCC1
C2CD4C
GDNF-AS1
RMI1
ADRA2C
OR5T1
OR51G1
not_a_gene_82
B3GALT1
OR5AN1
LRRC37A2
BHLHA9
DEFB106A
RP1-159G19.1
GPR183
CDC42EP5
IGHV4OR15-8
OR9G4
RN7SKP70
MTRNR2L7
not_a_gene_173
HMGB4
OR4F16
OR8B3
TRIM49D2
OR6C2
GTSCR1
PLN
PKDREJ
KRT34
not_a_gene_132
C15orf61
not_a_gene_86
not_a_gene_110
CCR4
KCTD4
GSTT2B
not_a_gene_309
LIPT1
GPR160
OR10A7
not_a_gene_111
KLHL9
not_a_gene_191
TBC1D3K
not_a_gene_356
RNVU1-18
not_a_gene_323
not_a_gene_262
TAS2R13
C2orf27B
not_a_gene_133
OR1Q1
SPZ1
CXCR6
OR5P2
OR5M11
SPRN
NDN
CTD-2507G9.1
ARL4A
OR5B2
OR13C5
not_a_gene_103
OR5AK2
ZNF705D
TAS2R8
GCNT4
not_a_gene_95
not_a_gene_20
RNASE2
ASCL3
OR5T2
OR10X1
ZHX1-C8orf76
not_a_gene_134
CH17-140K24.5
OR9K2
OXCT2
OR2AG2
C21orf33
HEPN1
OR8B2
ANKRD63
OR14J1
NANOS1
OR10R2
OR6C1
SERTM1
FRAT2
STON1-GTF2A1L
OR6C6
KRTAP20-2
SERF1A
CTC-534A2.2
OR56A5
not_a_gene_1
GPR65
OR7G2
SOCS1
OR12D2
OR5D14
OR51S1
PPP3R2
KRTAP19-2
SLC35G2
FOXC2
IER5
not_a_gene_268
OR2B3
OR8H2
not_a_gene_18
DDT
not_a_gene_273
IFNW1
OR6C76
not_a_gene_22
not_a_gene_208
LIG4
OR5AS1
SMN1
HIST2H3C
KRTAP22-2
HIST1H2BA
NPIPA2
not_a_gene_80
OR5H15
C21orf140
AL121928.1
OR7G3
OR4C6
RANBP6
ANKHD1-EIF4EBP3
not_a_gene_211
USMG5
not_a_gene_195
OR2A4
OR8K3
OR2T29
not_a_gene_285
PGK2
TRNP1
OR4K13
FSCB
NBPF10
not_a_gene_61
TRIM60
OR8D2
OR5V1
OR51F1
MTRNR2L6
CLDN20
SLN
CPLX4
CCDC54
TMEM238
IER5L
RNF225
C4A
not_a_gene_37
DCAF16
MAF
CDK5R2
CCDC70
OR10A4
OR6M1
SENP8
not_a_gene_201
not_a_gene_49
OR1L1
HTR1F
POU3F2
not_a_gene_55
GJD3
OR6N2
MC5R
DEFA1B
OR10A2
OR1D2
PTRH2
OR4F21
OR5I1
LRRC8D
OR10A5
not_a_gene_360
not_a_gene_189
ST20
FOXQ1
CLLU1
LRRC10B
not_a_gene_221
C17orf96
not_a_gene_53
SMN2
OR4C3
OR51F2
CABS1
TP53TG3B
not_a_gene_33
CTAGE4
not_a_gene_340
RP11-383M4.6
not_a_gene_321
not_a_gene_154
JUND
OR1G1
RP11-457D20.2
OR4D10
FOXD2
OR4N4
OR8J1
not_a_gene_200
PRAC1
FGFBP1
KRTAP25-1
ASCL2
not_a_gene_58
RPL39L
HTN1
OR4D11
OR51E1
KRTAP2-2
OR6C70
OR5H1
OR2G3
KRTAP24-1
OR6X1
UGT2A1
OR2M4
SNORD89
OR52E2
HIST2H2AA3
OR5M9
SOX21
IFNA13
OR13D1
CYP21A2
CLDN12
OR7C1
OR4N5
LELP1
OR8K1
GAS1
OR4C16
AKAP5
OR52N5
ERVH48-1
KRTAP19-8
OR51B2
SOD3
OR4A5
RP11-689K5.3
REP15
OR52E8
OR4D9
OR14A16
OLIG1
not_a_gene_145
not_a_gene_155
OR51V1
OR10A3
LINC00469
OR2T27
OR4A15
DEFB4B
PAPOLB
not_a_gene_242
RP11-307P5.1
ERVFRD-1
not_a_gene_116
TP53TG3
OR1A2
OR6C4
OR13F1
RBM15B
TRMT10C
NEUROG2
DEFB103B
TAS2R10
OR5W2
CCL4L1
OCLM
OR6C74
ABRACL
OR9I1
DSCR4
OR8H1
not_a_gene_25
OR6C3
RP11-141M1.3
COX7B2
RP11-1006G14.2
not_a_gene_174
OR8J3
OR4D6
OR10A6
CCR5
OR5F1
OR13C3
not_a_gene_16
OR5AP2
OR5K3
RP11-247L20.3
not_a_gene_215
HTR1D
OR5A2
KCNA4
OR51A7
not_a_gene_114
PRR20B
CCR1
OR5K1
KCNE2
OR10G3
OR5B3
SLITRK3
OR1M1
TP53TG3C
OR5AU1
PHOSPHO2
OR4S2
DEFB105B
not_a_gene_68
BLID
OR52H1
OR4K15
MED7
MKRN3
not_a_gene_105
ZNF322
OR5D16
not_a_gene_198
OR5D18
RNF148
RP1-90G24.8
RP11-383M4.2
MIS12
EIF3CL
not_a_gene_316
KCNJ13
ANKRD34C
PPIAL4E
OR8B8
PRR20A
KDM4D
FOXE3
SPATA31A5
TKTL2
RN7SL431P
KRTAP6-2
OR52D1
OR1S1
OR51L1
TLR10
HRH1
OR4F4
OR4A47
HIST2H2AA4
OR10V1
OR7D4
RP11-146B14.1
NPIPA7
not_a_gene_338
KRTAP20-1
OR2D3
OR4C15
TAS2R14
OR6S1
BOLA2B
ZBED3
RAG1
OR4S1
C1orf195
LINGO2
TRIM61
NPIPA3
C5orf30
BAHCC1
OR1D5
PNRC2
OR8B4
not_a_gene_275
KRTAP7-1
LINC01465
DNAJC28
AF165138.7
OR7G1
RP3-470B24.5
not_a_gene_67
PGA4
OR4F29
not_a_gene_222
NANOGNB
KRTAP21-3
SLITRK6
PLGLB1
OR51I2
OR4C11
CTXN3
not_a_gene_256
KRTAP22-1
PABPC4L
not_a_gene_108
FPR3
C15orf54
not_a_gene_274
OR52A5
KRTAP2-4
OR11H6
KIF2B
not_a_gene_26
FRAT1
not_a_gene_286
OR51E2
OR51T1
OR4X2
OR52R1
CSNK1A1L
not_a_gene_359
not_a_gene_230
GPRIN1
C15orf65
P2RY12
PTTG2
PLEKHF2
not_a_gene_183
not_a_gene_152
MTRNR2L9
KRTAP15-1
OR1L3
not_a_gene_279
C7orf66
OR5R1
OR4K14
C14orf178
not_a_gene_229
C3orf80
INSM1
not_a_gene_271
TPBGL
LRRC70
IGIP
CTXN2
PIGY
RP1-93H18.1
LINC01565
RNF223
PRAMEF26
OR51G2
ARMS2
not_a_gene_112
OR56B1
LPAR6
RP11-320G10.1
not_a_gene_90
OR2W1
PIRT
PLGLB2
not_a_gene_218
not_a_gene_109
PALM2-AKAP2
CNR1
TIGD4
GPR62
not_a_gene_120
POTEB2
OR6C65
DEFB103A
CYP8B1
OR10P1
MGAT4D
OR4A16
MC4R
OR5M8
not_a_gene_249
OR13C9
ADAM20
FAM43B
not_a_gene_76
SPPL2C
OR1J1
BBS12
RP11-1102P16.1
CFC1B
STX19
TRIM49D1
not_a_gene_178
ADAM21
MIR4669
RP11-255H23.4
SMIM6
ARL17B
MTERF2
GTF2H2
KRTAP2-1
CTC-432M15.3
OR51A2
OR56A1
not_a_gene_284
LUZP6
OR4X1
KRTAP6-1
MARVELD1
not_a_gene_9
PRAMEF5
OR52M1
OR2AP1
not_a_gene_165
KRTAP6-3
GPR22
OR13C8
DEFB107A
POLR2J2
RNU6-112P
AL358794.1
not_a_gene_223
SPHAR
PRR20C
POU3F1
OR8B12
not_a_gene_38
not_a_gene_290
not_a_gene_214
SFT2D3
OR5K4
CTAGE15
RP11-505K9.4
PRR20D
OR1I1
ERVV-1
RNASE3
B3GALT6
FOXL1
not_a_gene_282
OR56A3
not_a_gene_300
RP11-521D12.1
KLF14
CITED4
ADAM29
C2CD4B
not_a_gene_19
RP11-123O10.4
OR2G2
C14orf119
RP11-247L20.4
FUT9
RBM12B
not_a_gene_48
DSEL
DEFB106B
BOLA2
MRPL23
RBMXL2
not_a_gene_137
SOCS5
ADRB2
SERF1B
C17orf102
TVP23C-CDRT4
KRTAP20-3
OR52B4
not_a_gene_345
HIST2H4B
OR4D5
HYLS1
OR51I1
USP17L24
TLR2
GK2
OR1N2
OR9Q1
not_a_gene_293
OR2T35
KRTAP21-1
OR4B1
SMIM18
not_a_gene_289
OR51D1
DGCR6
USP29
OR5D13
BIRC8
SAMD9L
OR5B17
CTXN1
AC079610.2
FZD8
CEBPD
KRTAP19-4
OR2D2
GPR88
ATOH7
OR1A1
HILPDA
OR8D4
OR4E2
not_a_gene_27
OMG
C2CD4A
HMHB1
CCR8
not_a_gene_89
CHRFAM7A
OAZ1
PDHA2
GPR63
OR4D2
XXbac-BPG181B23.7
NBPF8
ATP5L2
OR6C68
SOX12
OR8D1
HIST2H4A
SIK1
GAPT
not_a_gene_264
OR4C13
ANKRD34B
OR5J2
OR7A17
OR4D1
C11orf44
OR2AG1
OR6T1
GTF2H5
MIR4785
OR52B6
DEFB104A
OR4C46
SAMD1
not_a_gene_32
C11orf96
RNASE11
not_a_gene_99
not_a_gene_272
not_a_gene_298
not_a_gene_131
OR2K2
not_a_gene_314
SDHAF1
C8orf59
not_a_gene_265
OR4L1
KRTAP19-3
not_a_gene_307
not_a_gene_14
OR2J2
PRRT2
OR7D2
INMT-FAM188B
RNF133
not_a_gene_34
PRM3
OR4P4
AC016739.3
ARL17A
not_a_gene_197
C12orf60
OR7C2
PRODH
CMTR2
TAAR1
OR1L6
OR5H14
MIR3187
LINGO3
PNMA2
AP000704.5
not_a_gene_204
OR5M3
OR52J3
PLA2G10
MC2R
DEFB107B
OR1J4
OR8H3
not_a_gene_352
HIST2H3A
OR2T5
IRGM
OR4F5
not_a_gene_319
OR2B2
OR4C12
TLR6
KCNA10
not_a_gene_60
PTPRQ
CCL3L3
not_a_gene_313
OR1L8
SPATA45
not_a_gene_117
RP11-345J4.5
NAT2
not_a_gene_98
OR6A2
C4orf32
CENPBD1
GJB7
RNASE13
BOD1L2
MTRNR2L3
not_a_gene_62
OR13C4
KRTAP13-1
KRTAP23-1
SULT1A4
RAG2
not_a_gene_261
NDUFB3
not_a_gene_93
not_a_gene_126
not_a_gene_336
OR8K5
NPAP1
OR11G2
not_a_gene_292
OR10W1
USP17L27
not_a_gene_24
OR5L1
DEFB104B
HRK
KRTAP8-1
not_a_gene_281
OR52A1
CECR6
OR1N1
not_a_gene_91
not_a_gene_344
PROL1
GTF2H2C
not_a_gene_51
OR6C75
CTD-2116N17.1
IFNB1
OR6B3
not_a_gene_219
CEBPA
LRRN3
SCRG1
MAFA
NPY4R
SOX1
OR2J3
OR56A4
NEUROD6
EXOSC6
KRTAP2-3
RGPD5
RP11-428J1.4
OR8I2
OR52N1
OR52W1
not_a_gene_147
OR5A1
not_a_gene_235
OR52B2
OR52E6
OR2L13
CTAGE8
not_a_gene_166
GPR150
MTRNR2L5
HSBP1L1
OR52K2
GRAPL
OR1B1
F2RL2
PBOV1
LDHAL6B
C8orf48
RP11-982M15.6
OR51B4
LIMS3
OR4K17
ERVMER34-1
OR56B4
not_a_gene_248
KCNS3
TWIST1
TAS2R50
OR5AR1
POU3F3
C2CD4D
C10orf12
KRTAP19-1
ZFP42
AC020956.3
MIR6820
OR9A2
TBC1D3H
TMEM158
PPP1R26
GPR151
OR52L1
RIMBP3B
SAMD9
NAIP
IFNA2
OTUD1
IFNE
DEFA1
OR5B21
not_a_gene_329
KRTAP13-4
not_a_gene_176
OR51B6
KCNJ15
HSPB3
ABHD13
EXO5
STH
OST4
C10orf126
OR1F1
TAS2R7
OR5B12
not_a_gene_182
KRTAP5-1
OR6Q1
IFNA5
RASSF9
OR5H2
OR2B6
NEUROD4
not_a_gene_216
MTRNR2L4
SLX1A-SULT1A3
NPY5R
RGPD6
OR5AC2
PRSS35
OR11H4
EDDM3A
MORN2
OR5P3
not_a_gene_146
OR10AG1
RP11-872D17.8
OR10J5
IFNA6
OR5H6
ARHGEF35
CLDN25
OR51M1
C7orf62
PGBD4
FOXE1
CAPZA3
TBC1D3I
not_a_gene_291
EDDM3B
HTR1E
not_a_gene_331
OR7E24
not_a_gene_231
OR51B5
RP11-145E5.5
HTN3
GSG2
not_a_gene_205
not_a_gene_263
not_a_gene_35
not_a_gene_122
NPY2R
not_a_gene_355
not_a_gene_129
TAS2R42
C9orf106
not_a_gene_350
OR10G2
KBTBD11
RFPL4B
AC007405.6
not_a_gene_327
FPR1
not_a_gene_243
BHLHE23
WI2-2373I1.2
not_a_gene_308
not_a_gene_254
PIGW
CTAGE1
OR5T3
PEX2
IFNK
RP11-463D19.2
