Sample	Gene	Chr	Start	End	Length	Log2ratio	Sig	BP_Whole	Amp_Del	Ab_Seg	Total_Seg	Ab_log2ratio	Log2r_Diff	Ab_Seg_Loc	Ab_Samples	Ab_Samples_Pcnt
Colo829.chr20.18	gene3	chr20	5023110	5026046	2937	0					1					
Colo829.chr20.18	gene1	chr20	506503	507295	1043	0					4					
Colo829.chr20.18	gene2	chr20	2802740	2803167	482	0					4					
Colo829.chr20.19	gene3	chr20	5023110	5026046	2937	0					1					
Colo829.chr20.19	gene1	chr20	506503	507295	1043	0					4					
Colo829.chr20.19	gene2	chr20	2802740	2803167	482	0					4					
