2-444975	SYNM	chr15	99105200	99133058	27859	8.15
2-444975	FAM169B	chr15	98439631	98485897	46267	8.04
2-444975	IGF1R	chr15	98649582	98957442	307861	7.98
2-444975	PGPEP1L	chr15	98968478	98971158	2681	7.8
2-444975	TTC23	chr15	99137996	99228712	90717	7.19
