2-444961	CFHR1	chr1	196819845	196831999	12155	1.02
2-444961	CFHR3	chr1	196774887	196793513	18627	1.02
2-444962	MAPT	chr17	45962338	46024171	61834	0.98
2-444962	LCE3B	chr1	152613811	152614098	288	0.98
2-444962	LCE1D	chr1	152797795	152798139	345	0.98
2-444962	KANSL1	chr17	46031476	46172143	140668	0.98
2-444962	CRHR1	chr17	45784545	45834764	50220	0.98
2-444962	POTED	chr21	13610229	13641566	31338	0.97
2-444962	C21orf33	chr21	44133698	44145723	12026	0.97
2-444962	ZNF705B	chr8	7947422	7952391	4970	0.96
2-444962	TRIM64	chr11	89968504	89973889	5386	0.95
2-444961	FCGR2C	chr1	161581434	161599889	18456	0.95
2-444961	SS18	chr18	26018354	26090569	72216	0.92
2-444961	CCKAR	chr4	26481638	26490267	8630	0.92
2-444962	NPIPB6	chr16	28342607	28362822	20216	0.91
2-444961	STIM2	chr4	26860958	27022996	162039	0.91
2-444961	AQP4	chr18	26856211	26865689	9479	0.89
2-444961	ZNF521	chr18	25062712	25350946	288235	0.88
2-444961	TBC1D19	chr4	26584194	26754947	170754	0.88
2-444961	KCTD1	chr18	26455743	26657368	201626	0.88
2-444961	TAF4B	chr18	26226934	26390012	163079	0.87
2-444962	PWP2	chr21	44107417	44130771	23355	0.85
